2026-05-10 21:32:52 [TestNG-test-Test-4] INFO  cart - Initializing driver
2026-05-10 21:33:04 [TestNG-test-Test-3] INFO  addcartproduct - Opening URL
2026-05-10 21:33:04 [TestNG-test-Test-4] INFO  cart - Opening URL
2026-05-10 21:33:04 [TestNG-test-Test-1] INFO  order - Opening URL
2026-05-10 21:33:04 [TestNG-test-Test-5] INFO  viewProduct - Opening URL
2026-05-10 21:33:06 [TestNG-test-Test-4] INFO  cart - Logging into application
2026-05-10 21:33:07 [TestNG-test-Test-2] INFO  view - Opening URL
2026-05-10 21:33:08 [TestNG-test-Test-1] INFO  order - Logging into application
2026-05-10 21:33:09 [TestNG-test-Test-3] INFO  addcartproduct - Logging into application
2026-05-10 21:33:09 [TestNG-test-Test-2] INFO  view - Logging into application
2026-05-10 21:33:11 [TestNG-test-Test-4] INFO  base.BaseTest - Product added into cart
2026-05-10 21:33:11 [TestNG-test-Test-5] INFO  viewProduct - Logging into application
2026-05-10 21:33:12 [TestNG-test-Test-1] INFO  base.BaseTest - Product added into cart
2026-05-10 21:33:13 [TestNG-test-Test-4] INFO  base.BaseTest - Product added and toast handled
2026-05-10 21:33:14 [TestNG-test-Test-3] INFO  base.BaseTest - Product added into cart
2026-05-10 21:33:14 [TestNG-test-Test-4] INFO  base.BaseTest - Click on continues shopping
2026-05-10 21:33:14 [TestNG-test-Test-2] INFO  base.BaseTest - Product added into cart
2026-05-10 21:33:15 [TestNG-test-Test-5] INFO  ViewProduct - Started View Product Test
2026-05-10 21:33:15 [TestNG-test-Test-1] INFO  base.BaseTest - Product added and toast handled
2026-05-10 21:33:15 [TestNG-test-Test-5] INFO  Teststep1 - Screenshot saved at: C:\Users\Admin\eclipse\java-2025-06\eclipse\Ends_to_End\Screnshots\ViewProduct\Teststep1_1778428995416.png
2026-05-10 21:33:15 [TestNG-test-Test-5] INFO  ViewProduct - View product done
2026-05-10 21:33:16 [TestNG-test-Test-5] INFO  ViewProduct - Clicked Continue Shopping
2026-05-10 21:33:16 [TestNG-test-Test-5] INFO  Teststep2 - Screenshot saved at: C:\Users\Admin\eclipse\java-2025-06\eclipse\Ends_to_End\Screnshots\ViewProduct\Teststep2_1778428996135.png
2026-05-10 21:33:16 [TestNG-test-Test-5] INFO  ViewProduct - Continue Shopping Completed
2026-05-10 21:33:17 [TestNG-test-Test-2] INFO  base.BaseTest - Product added and toast handled
2026-05-10 21:33:17 [TestNG-test-Test-3] INFO  base.BaseTest - Product added and toast handled
2026-05-10 21:33:18 [TestNG-test-Test-1] INFO  base.BaseTest - Product Placed
2026-05-10 21:33:18 [TestNG-test-Test-4] INFO  cart - TEST PASSED : cart
2026-05-10 21:33:18 [TestNG-test-Test-4] INFO  cart - Driver Quit
2026-05-10 21:33:19 [TestNG-test-Test-5] INFO  viewProduct - TEST PASSED : viewProduct
2026-05-10 21:33:19 [TestNG-test-Test-5] INFO  viewProduct - Driver Quit
2026-05-10 21:33:19 [TestNG-test-Test-3] INFO  addcartproduct - TEST PASSED : addcartproduct
2026-05-10 21:33:19 [TestNG-test-Test-3] INFO  addcartproduct - Driver Quit
2026-05-10 21:33:19 [TestNG-test-Test-1] INFO  order - TEST PASSED : order
2026-05-10 21:33:19 [TestNG-test-Test-1] INFO  order - Driver Quit
2026-05-10 21:33:20 [TestNG-test-Test-2] INFO  base.BaseTest - Product Placed
2026-05-10 21:33:21 [TestNG-test-Test-2] ERROR view - TEST FAILED : view
2026-05-10 21:33:21 [TestNG-test-Test-2] ERROR view - Reason : org.openqa.selenium.InvalidSelectorException: invalid selector: An invalid or illegal selector was specified
  (Session info: chrome=147.0.7727.138)
For documentation on this error, please visit: https://www.selenium.dev/documentation/webdriver/troubleshooting/errors#invalidselectorexception
Build info: version: '4.43.0', revision: 'dd0f534'
System info: os.name: 'Windows 11', os.arch: 'amd64', os.version: '10.0', java.version: '21.0.8'
Driver info: org.openqa.selenium.chrome.ChromeDriver
Command: [41372afa92261ddf5b4e319018d0ed61, findElement {value=.btn.-teal'], using=css selector}]
Capabilities {acceptInsecureCerts: false, browserName: chrome, browserVersion: 147.0.7727.138, chrome: {chromedriverVersion: 147.0.7727.117 (474cc805edd..., userDataDir: C:\Users\Admin\AppData\Loca...}, fedcm:accounts: true, goog:chromeOptions: {debuggerAddress: localhost:64232}, goog:processID: 18940, networkConnectionEnabled: false, pageLoadStrategy: normal, platformName: windows, proxy: Proxy(), se:cdp: ws://localhost:64232/devtoo..., se:cdpVersion: 147.0.7727.138, setWindowRect: true, strictFileInteractability: false, timeouts: {implicit: 0, pageLoad: 300000, script: 30000}, unhandledPromptBehavior: dismiss and notify, webauthn:extension:credBlob: true, webauthn:extension:largeBlob: true, webauthn:extension:minPinLength: true, webauthn:extension:prf: true, webauthn:virtualAuthenticators: true}
Session ID: 41372afa92261ddf5b4e319018d0ed61
2026-05-10 21:33:21 [TestNG-test-Test-2] INFO  view - Driver Quit
