2026-05-14 00:12:16 [TestNG-test-Test-4] INFO  cart - Initializing driver
2026-05-14 00:12:38 [TestNG-test-Test-5] INFO  viewProduct - Opening URL
2026-05-14 00:12:39 [TestNG-test-Test-3] INFO  addcartproduct - Opening URL
2026-05-14 00:12:41 [TestNG-test-Test-5] INFO  viewProduct - Logging into application
2026-05-14 00:12:46 [TestNG-test-Test-3] INFO  addcartproduct - Logging into application
2026-05-14 00:12:48 [TestNG-test-Test-1] INFO  order - Opening URL
2026-05-14 00:12:49 [TestNG-test-Test-4] INFO  cart - Opening URL
2026-05-14 00:12:49 [TestNG-test-Test-2] INFO  view - Opening URL
2026-05-14 00:12:51 [TestNG-test-Test-1] INFO  order - Logging into application
2026-05-14 00:12:52 [TestNG-test-Test-2] INFO  view - Logging into application
2026-05-14 00:12:53 [TestNG-test-Test-4] INFO  cart - Logging into application
2026-05-14 00:12:57 [TestNG-test-Test-5] INFO  ViewProduct - Started View Product Test
2026-05-14 00:12:58 [TestNG-test-Test-1] INFO  base.BaseTest - Product added into cart
2026-05-14 00:12:59 [TestNG-test-Test-3] INFO  base.BaseTest - Product added into cart
2026-05-14 00:13:00 [TestNG-test-Test-4] INFO  base.BaseTest - Product added into cart
2026-05-14 00:13:00 [TestNG-test-Test-2] INFO  base.BaseTest - Product added into cart
2026-05-14 00:13:00 [TestNG-test-Test-1] INFO  base.BaseTest - Product added and toast handled
2026-05-14 00:13:01 [TestNG-test-Test-5] INFO  Teststep1 - Screenshot saved at: C:\Users\Admin\eclipse\java-2025-06\eclipse\Ends_to_End\Screnshots\ViewProduct\Teststep1_1778697779963.png
2026-05-14 00:13:01 [TestNG-test-Test-5] INFO  ViewProduct - View product done
2026-05-14 00:13:01 [TestNG-test-Test-5] INFO  ViewProduct - Clicked Continue Shopping
2026-05-14 00:13:02 [TestNG-test-Test-5] INFO  Teststep2 - Screenshot saved at: C:\Users\Admin\eclipse\java-2025-06\eclipse\Ends_to_End\Screnshots\ViewProduct\Teststep2_1778697781839.png
2026-05-14 00:13:02 [TestNG-test-Test-5] INFO  ViewProduct - Continue Shopping Completed
2026-05-14 00:13:02 [TestNG-test-Test-4] INFO  base.BaseTest - Product added and toast handled
2026-05-14 00:13:02 [TestNG-test-Test-2] INFO  base.BaseTest - Product added and toast handled
2026-05-14 00:13:02 [TestNG-test-Test-3] INFO  base.BaseTest - Product added and toast handled
2026-05-14 00:13:03 [TestNG-test-Test-4] INFO  base.BaseTest - Click on continues shopping
2026-05-14 00:13:05 [TestNG-test-Test-1] INFO  base.BaseTest - Product Placed
2026-05-14 00:13:07 [TestNG-test-Test-2] INFO  base.BaseTest - Product Placed
2026-05-14 00:13:09 [TestNG-test-Test-4] INFO  cart - TEST PASSED : cart
2026-05-14 00:13:09 [TestNG-test-Test-4] INFO  cart - Driver Quit
2026-05-14 00:13:09 [TestNG-test-Test-5] INFO  viewProduct - TEST PASSED : viewProduct
2026-05-14 00:13:09 [TestNG-test-Test-5] INFO  viewProduct - Driver Quit
2026-05-14 00:13:10 [TestNG-test-Test-3] INFO  addcartproduct - TEST PASSED : addcartproduct
2026-05-14 00:13:10 [TestNG-test-Test-3] INFO  addcartproduct - Driver Quit
2026-05-14 00:13:10 [TestNG-test-Test-1] INFO  order - TEST PASSED : order
2026-05-14 00:13:10 [TestNG-test-Test-1] INFO  order - Driver Quit
2026-05-14 00:13:10 [TestNG-test-Test-2] ERROR view - TEST FAILED : view
2026-05-14 00:13:10 [TestNG-test-Test-2] ERROR view - Reason : org.openqa.selenium.InvalidSelectorException: invalid selector: An invalid or illegal selector was specified
  (Session info: chrome=148.0.7778.97)
For documentation on this error, please visit: https://www.selenium.dev/documentation/webdriver/troubleshooting/errors#invalid-selector-exception
Build info: version: '4.18.1', revision: 'b1d3319b48'
System info: os.name: 'Windows 11', os.arch: 'amd64', os.version: '10.0', java.version: '21.0.8'
Driver info: org.openqa.selenium.chrome.ChromeDriver
Command: [48e60b5b8028ffaf85b839d3e26338bf, findElement {value=.btn.-teal'], using=css selector}]
Capabilities {acceptInsecureCerts: false, browserName: chrome, browserVersion: 148.0.7778.97, chrome: {chromedriverVersion: 148.0.7778.167 (65db666ac2c..., userDataDir: C:\Users\Admin\AppData\Loca...}, fedcm:accounts: true, goog:chromeOptions: {debuggerAddress: localhost:59497}, goog:processID: 3340, networkConnectionEnabled: false, pageLoadStrategy: normal, platformName: windows, proxy: Proxy(), se:cdp: ws://localhost:59497/devtoo..., se:cdpVersion: 148.0.7778.97, setWindowRect: true, strictFileInteractability: false, timeouts: {implicit: 0, pageLoad: 300000, script: 30000}, unhandledPromptBehavior: dismiss and notify, webauthn:extension:credBlob: true, webauthn:extension:largeBlob: true, webauthn:extension:minPinLength: true, webauthn:extension:prf: true, webauthn:virtualAuthenticators: true}
Session ID: 48e60b5b8028ffaf85b839d3e26338bf
2026-05-14 00:13:10 [TestNG-test-Test-2] INFO  view - Driver Quit
